// Jest Snapshot v1, https://goo.gl/fbAQLP

exports[`changeValidityReducer 1`] = `Object {}`;

exports[`changeValidityReducer 2`] = `
Object {
  "123": Object {
    "autoClean": false,
    "children": Array [],
    "complexValueType": null,
    "id": 123,
    "meta": Object {
      "activated": false,
      "active": false,
      "error": "some",
      "errorsIn": Array [],
      "hasException": false,
      "hasFormatException": false,
      "hasNormalizeException": false,
      "hasValidateException": false,
      "submitFailed": false,
      "submitSuccess": false,
      "submitted": false,
      "submittedTimes": 0,
      "submitting": false,
      "touched": false,
      "valid": false,
    },
    "metaVersion": 2,
    "name": null,
    "parentID": null,
    "shareMeta": true,
    "shareValue": true,
    "value": undefined,
    "valueVersion": 0,
    "version": 2,
  },
}
`;
